[0m17:23:10.209267 [debug] [MainThread]: Sending event: {'category': 'dbt', 'action': 'invocation', 'label': 'start', 'context': [<snowplow_tracker.self_describing_json.SelfDescribingJson object at 0x103c8e9a0>, <snowplow_tracker.self_describing_json.SelfDescribingJson object at 0x104f83310>, <snowplow_tracker.self_describing_json.SelfDescribingJson object at 0x104f83c10>]}


============================== 17:23:10.221942 | 65d2a1d0-cb7e-4ec4-83d7-bf24a9adf801 ==============================
[0m17:23:10.221942 [info ] [MainThread]: Running with dbt=1.9.6
[0m17:23:10.225639 [debug] [MainThread]: running dbt with arguments {'printer_width': '80', 'indirect_selection': 'eager', 'write_json': 'True', 'log_cache_events': 'False', 'partial_parse': 'True', 'cache_selected_only': 'False', 'profiles_dir': '/Users/nityamadhwal/.dbt', 'version_check': 'True', 'fail_fast': 'False', 'log_path': 'logs', 'warn_error': 'None', 'debug': 'False', 'use_colors': 'True', 'use_experimental_parser': 'False', 'empty': 'None', 'quiet': 'False', 'no_print': 'None', 'log_format': 'default', 'static_parser': 'True', 'introspect': 'True', 'warn_error_options': 'WarnErrorOptions(include=[], exclude=[])', 'target_path': 'None', 'invocation_command': 'dbt init', 'send_anonymous_usage_stats': 'True'}
[0m17:23:10.308581 [warn ] [MainThread]: [ConfigFolderDirectory]: Unable to parse logging event dictionary. Failed to parse dir field: expected string or bytes-like object.. Dictionary: {'dir': PosixPath('/Users/nityamadhwal/.dbt')}
[0m17:23:10.313607 [info ] [MainThread]: Creating dbt configuration folder at 
[0m17:23:27.316841 [debug] [MainThread]: Starter project path: /usr/local/lib/python3.9/site-packages/dbt/include/starter_project
[0m17:23:27.326338 [info ] [MainThread]: 
Your new dbt project "dbt_test_project" was created!

For more information on how to configure the profiles.yml file,
please consult the dbt documentation here:

  https://docs.getdbt.com/docs/configure-your-profile

One more thing:

Need help? Don't hesitate to reach out to us via GitHub issues or on Slack:

  https://community.getdbt.com/

Happy modeling!

[0m17:23:27.327169 [info ] [MainThread]: Setting up your profile.
[0m17:23:28.924416 [info ] [MainThread]: Profile dbt_test_project written to /Users/nityamadhwal/.dbt/profiles.yml using target's sample configuration. Once updated, you'll be able to start developing with dbt.
[0m17:23:28.930317 [debug] [MainThread]: Resource report: {"command_name": "init", "command_success": true, "command_wall_clock_time": 19.286741, "process_in_blocks": "0", "process_kernel_time": 0.28329, "process_mem_max_rss": "94711808", "process_out_blocks": "0", "process_user_time": 2.987448}
[0m17:23:28.931263 [debug] [MainThread]: Command `dbt init` succeeded at 17:23:28.931055 after 19.29 seconds
[0m17:23:28.931999 [debug] [MainThread]: Sending event: {'category': 'dbt', 'action': 'invocation', 'label': 'end', 'context': [<snowplow_tracker.self_describing_json.SelfDescribingJson object at 0x103c8e9a0>, <snowplow_tracker.self_describing_json.SelfDescribingJson object at 0x104f83e50>, <snowplow_tracker.self_describing_json.SelfDescribingJson object at 0x104ffd4c0>]}
[0m17:23:28.932766 [debug] [MainThread]: Flushing usage events
[0m17:23:30.130609 [debug] [MainThread]: An error was encountered while trying to flush usage events
