[0m21:16:29.102998 [debug] [MainThread]: Sending event: {'category': 'dbt', 'action': 'invocation', 'label': 'start', 'context': [<snowplow_tracker.self_describing_json.SelfDescribingJson object at 0x111664970>, <snowplow_tracker.self_describing_json.SelfDescribingJson object at 0x11295c2b0>, <snowplow_tracker.self_describing_json.SelfDescribingJson object at 0x11295cbb0>]}


============================== 21:16:29.112458 | b6304a7f-d238-41b4-a9d9-f44378af4d2a ==============================
[0m21:16:29.112458 [info ] [MainThread]: Running with dbt=1.9.6
[0m21:16:29.113258 [debug] [MainThread]: running dbt with arguments {'printer_width': '80', 'indirect_selection': 'eager', 'log_cache_events': 'False', 'write_json': 'True', 'partial_parse': 'True', 'cache_selected_only': 'False', 'warn_error': 'None', 'version_check': 'True', 'fail_fast': 'False', 'log_path': 'logs', 'debug': 'False', 'profiles_dir': '/Users/nityamadhwal/.dbt', 'use_colors': 'True', 'use_experimental_parser': 'False', 'no_print': 'None', 'quiet': 'False', 'empty': 'None', 'warn_error_options': 'WarnErrorOptions(include=[], exclude=[])', 'invocation_command': 'dbt init', 'log_format': 'default', 'static_parser': 'True', 'target_path': 'None', 'introspect': 'True', 'send_anonymous_usage_stats': 'True'}
[0m21:16:33.069972 [debug] [MainThread]: Starter project path: /usr/local/lib/python3.9/site-packages/dbt/include/starter_project
[0m21:16:33.082001 [info ] [MainThread]: 
Your new dbt project "ecomm_dbt" was created!

For more information on how to configure the profiles.yml file,
please consult the dbt documentation here:

  https://docs.getdbt.com/docs/configure-your-profile

One more thing:

Need help? Don't hesitate to reach out to us via GitHub issues or on Slack:

  https://community.getdbt.com/

Happy modeling!

[0m21:16:33.082767 [info ] [MainThread]: Setting up your profile.
[0m21:16:45.944109 [debug] [MainThread]: Resource report: {"command_name": "init", "command_success": true, "command_wall_clock_time": 16.952393, "process_in_blocks": "0", "process_kernel_time": 0.322629, "process_mem_max_rss": "95051776", "process_out_blocks": "0", "process_user_time": 1.971527}
[0m21:16:45.944950 [debug] [MainThread]: Command `dbt init` succeeded at 21:16:45.944763 after 16.95 seconds
[0m21:16:45.945475 [debug] [MainThread]: Sending event: {'category': 'dbt', 'action': 'invocation', 'label': 'end', 'context': [<snowplow_tracker.self_describing_json.SelfDescribingJson object at 0x111664970>, <snowplow_tracker.self_describing_json.SelfDescribingJson object at 0x1129d3550>, <snowplow_tracker.self_describing_json.SelfDescribingJson object at 0x1129d3490>]}
[0m21:16:45.945977 [debug] [MainThread]: Flushing usage events
[0m21:16:47.127775 [debug] [MainThread]: An error was encountered while trying to flush usage events
